
> frontend@0.1.0 build
> next build

node.exe : ΓÜá Warning: Next.js inferred your workspace root, but it may not be correct.
At line:1 char:1
+ & "C:\Program Files\nodejs/node.exe" "C:\Program Files\nodejs/node_mo ...
+ ~~~~~~~~~~~~~~~~~~~~~~~~~~~~~~~~~~~~~~~~~~~~~~~~~~~~~~~~~~~~~~~~~~~~~
    + CategoryInfo          : NotSpecified: (ΓÜá Warning: Ne...not be correct.:String) [], RemoteException
    + FullyQualifiedErrorId : NativeCommandError
 
 We detected multiple lockfiles and selected the directory of C:\Users\SONU\package-lock.json as the root directory.
 To silence this warning, set `turbopack.root` in your Next.js config, or consider removing one of the lockfiles if 
it's not needed.
   See https://nextjs.org/docs/app/api-reference/config/next-config-js/turbopack#root-directory for more information.
 Detected additional lockfiles: 
   * C:\Users\SONU\Desktop\Team Task Manager\frontend\package-lock.json

Γû▓ Next.js 16.2.4 (Turbopack)
- Environments: .env.local

  Creating an optimized production build ...
Γ£ô Compiled successfully in 9.7s
  Running TypeScript ...
Failed to type check.

./src/components/projects/CreateProjectModal.tsx:190:39
Type error: Type '{ children: Element; asChild: true; }' is not assignable to type 'IntrinsicAttributes & 
NativeButtonProps & Omit<WithBaseUIEvent<DetailedHTMLProps<ButtonHTMLAttributes<HTMLButtonElement>, 
HTMLButtonElement>>, "style" | ... 3 more ... | "defaultValue"> & { ...; } & { ...; }'.
  Property 'asChild' does not exist on type 'IntrinsicAttributes & NativeButtonProps & 
Omit<WithBaseUIEvent<DetailedHTMLProps<ButtonHTMLAttributes<HTMLButtonElement>, HTMLButtonElement>>, "style" | ... 3 
more ... | "defaultValue"> & { ...; } & { ...; }'.

  [90m188 |[0m                   <div className=[32m"flex flex-wrap gap-2"[0m>
  [90m189 |[0m                     <[33mPopover[0m>
[31m[1m>[0m [90m190 |[0m                       <[33mPopoverTrigger[0m asChild>
  [90m    |[0m                                       [31m[1m^[0m
  [90m191 |[0m                         <[33mButton[0m [36mtype[0m=[32m"button"[0m variant=[32m"outline"[0m 
size=[32m"sm"[0m className=[32m"h-8 ...[0m
  [90m192 |[0m                           <[33mSmile[0m className=[32m"h-4 w-4"[0m /> [33mPick[0m [33mIcon[0m
  [90m193 |[0m                         </[33mButton[0m>
Next.js build worker exited with code: 1 and signal: null
